<html>
<body>
<pre>
<h1>µVision Build Log</h1>
<h2>Tool Versions:</h2>
IDE-Version: ¦ÌVision V5.25.3.0
Copyright (C) 2018 ARM Ltd and ARM Germany GmbH. All rights reserved.
License Information: leaf leaf, leaf, LIC=EPPPC-7RH7K-RF7IZ-JQXSN-WKZDY-9VBVE
 
Tool Versions:
Toolchain:       MDK-ARM Professional  Version: 5.26.2.0
Toolchain Path:  C:\Keil_v5\ARM\ARMCC\Bin
C Compiler:      Armcc.exe V5.06 update 6 (build 750)
Assembler:       Armasm.exe V5.06 update 6 (build 750)
Linker/Locator:  ArmLink.exe V5.06 update 6 (build 750)
Library Manager: ArmAr.exe V5.06 update 6 (build 750)
Hex Converter:   FromElf.exe V5.06 update 6 (build 750)
CPU DLL:         SARMCM3.DLL V5.26.2.0
Dialog DLL:      DCM.DLL V1.17.2.0
Target DLL:      STLink\ST-LINKIII-KEIL_SWO.dll V3.0.5.0
Dialog DLL:      TCM.DLL V1.36.1.0
 
<h2>Project:</h2>
C:\Users\leaf\Desktop\all_prj\prj_chang\STM32\USER\OLED.uvproj
Project File Date:  10/25/2019

<h2>Output:</h2>
*** Using Compiler 'V5.06 update 6 (build 750)', folder: 'C:\Keil_v5\ARM\ARMCC\Bin'
Rebuild target 'Target 1'
compiling stm32f10x_it.c...
compiling system_stm32f10x.c...
compiling main.c...
compiling config.c...
compiling oled.c...
compiling ds18b20.c...
compiling delay.c...
compiling sys.c...
compiling usart.c...
assembling startup_stm32f10x_hd.s...
compiling misc.c...
compiling core_cm3.c...
compiling stm32f10x_gpio.c...
compiling stm32f10x_rcc.c...
compiling stm32f10x_usart.c...
linking...
Program Size: Code=9216 RO-data=2408 RW-data=2040 ZI-data=1832  
FromELF: creating hex file...
"..\OBJ\OLED.axf" - 0 Error(s), 0 Warning(s).
Build Time Elapsed:  00:00:17
</pre>
</body>
</html>
