<html>
<body>
<pre>
<h1>礦ision Build Log</h1>
<h2>Project:</h2>
C:\max30102\测试程序\使用模拟iic_MAX30102_for_stm32\MDK-ARM\Project.uvproj
Project File Date:  09/24/2016

<h2>Output:</h2>
Rebuild target 'Project'
compiling stm32f10x_it.c...
compiling main.c...
compiling bsp_i2c_gpio.c...
compiling misc.c...
compiling stm32f10x_adc.c...
compiling stm32f10x_bkp.c...
compiling stm32f10x_can.c...
compiling stm32f10x_cec.c...
compiling stm32f10x_crc.c...
compiling stm32f10x_dac.c...
compiling stm32f10x_dbgmcu.c...
compiling stm32f10x_dma.c...
compiling stm32f10x_exti.c...
compiling stm32f10x_flash.c...
compiling stm32f10x_fsmc.c...
compiling stm32f10x_gpio.c...
compiling stm32f10x_i2c.c...
compiling stm32f10x_iwdg.c...
compiling stm32f10x_pwr.c...
compiling stm32f10x_rcc.c...
compiling stm32f10x_rtc.c...
compiling stm32f10x_sdio.c...
compiling stm32f10x_spi.c...
compiling stm32f10x_tim.c...
compiling stm32f10x_usart.c...
compiling stm32f10x_wwdg.c...
compiling core_cm3.c...
compiling system_stm32f10x.c...
assembling startup_stm32f10x_md.s...
compiling delay.c...
compiling USART.c...
compiling ultrasonic.c...
linking...
Program Size: Code=10592 RO-data=268 RW-data=56 ZI-data=1024  
FromELF: creating hex file...
".\Obj\Project.axf" - 0 Errors, 0 Warning(s).
Load "C:\\max30102\\测试程序\\使用模拟iic_MAX30102_for_stm32\\MDK-ARM\\Obj\\Project.axf" 
